2026-09-10 10:41:02 - INFO - ======================================================================
2026-09-10 10:41:02 - INFO - INICIO DE EJECUCION DEL PIPELINE ETL - PROYECTO GEOSTAT
2026-09-10 10:41:02 - INFO - ======================================================================
2026-09-10 10:41:02 - INFO - Ejecucion registrada en tb_ejecuciones_etl con id_ejecucion=5
2026-09-10 10:41:02 - INFO - Intento 1/3 de conexion a la API de datos demograficos: https://restcountries.com/v3.1/region/europe
2026-09-10 10:41:03 - WARNING - Fallo al obtener datos demograficos de la API: La API respondio 200 OK pero el cuerpo no tiene el formato esperado (lista de paises) - posible deprecacion de la API.
2026-09-10 10:41:03 - INFO - Intento 2/3 de conexion a la API de datos demograficos: https://restcountries.com/v3.1/region/europe
2026-09-10 10:41:04 - WARNING - Fallo al obtener datos demograficos de la API: La API respondio 200 OK pero el cuerpo no tiene el formato esperado (lista de paises) - posible deprecacion de la API.
2026-09-10 10:41:04 - INFO - Intento 3/3 de conexion a la API de datos demograficos: https://restcountries.com/v3.1/region/europe
2026-09-10 10:41:05 - WARNING - Fallo al obtener datos demograficos de la API: La API respondio 200 OK pero el cuerpo no tiene el formato esperado (lista de paises) - posible deprecacion de la API.
2026-09-10 10:41:05 - WARNING - No fue posible obtener datos demograficos de la API tras 3 intentos. Se activa el dataset de respaldo interno (fallback) para no detener la ejecucion.
2026-09-10 10:41:05 - INFO - Conectando a la base de datos Legacy SQLite: ./datos_economicos_locales.db
2026-09-10 10:41:05 - INFO - Iniciando lectura por chunks (chunksize=2000) de la tabla 'economia_paises'
2026-09-10 10:41:05 - INFO - Chunk #1 procesado (2000 filas). Acumulado leido: 2000
2026-09-10 10:41:05 - INFO - Chunk #2 procesado (2000 filas). Acumulado leido: 4000
2026-09-10 10:41:05 - INFO - Chunk #3 procesado (2000 filas). Acumulado leido: 6000
2026-09-10 10:41:05 - INFO - Chunk #4 procesado (2000 filas). Acumulado leido: 8000
2026-09-10 10:41:05 - INFO - Chunk #5 procesado (2000 filas). Acumulado leido: 10000
2026-09-10 10:41:05 - INFO - Chunk #6 procesado (2000 filas). Acumulado leido: 12000
2026-09-10 10:41:05 - INFO - Chunk #7 procesado (2000 filas). Acumulado leido: 14000
2026-09-10 10:41:05 - INFO - Chunk #8 procesado (2000 filas). Acumulado leido: 16000
2026-09-10 10:41:05 - INFO - Chunk #9 procesado (2000 filas). Acumulado leido: 18000
2026-09-10 10:41:05 - INFO - Chunk #10 procesado (2000 filas). Acumulado leido: 20000
2026-09-10 10:41:05 - INFO - Extraccion SQLite finalizada. Total leido: 20000 | Validos: 18798 | Cuarentena: 1202
2026-09-10 10:41:05 - INFO - Consolidando registros duplicados por pais mediante la mediana...
2026-09-10 10:41:05 - INFO - Consolidacion completada: 44 paises unicos.
2026-09-10 10:41:05 - INFO - UPSERT completado en tb_indicadores_europa: 44 paises.
2026-09-10 10:41:05 - INFO - Insertados 1202 registros en tb_cuarentena_geodatos.
2026-09-10 10:41:05 - INFO - EJECUCION FINALIZADA CORRECTAMENTE. Duracion: 2.97 s
2026-09-10 10:41:05 - INFO - ======================================================================
